// Jest Snapshot v1, https://goo.gl/fbAQLP

exports[`MessageList should render correctly 1`] = `
<RCTScrollView
  getItem={[Function]}
  getItemCount={[Function]}
  invertStickyHeaders={true}
  inverted={true}
  keyExtractor={[Function]}
  onContentSizeChange={[Function]}
  onLayout={[Function]}
  onMomentumScrollBegin={[Function]}
  onMomentumScrollEnd={[Function]}
  onScroll={[Function]}
  onScrollBeginDrag={[Function]}
  onScrollEndDrag={[Function]}
  persistentScrollbar={true}
  removeClippedSubviews={false}
  renderItem={[Function]}
  scrollEventThrottle={50}
  stickyHeaderIndices={Array []}
  style={
    Array [
      Object {
        "transform": Array [
          Object {
            "scaleY": -1,
          },
        ],
      },
      Array [
        undefined,
        Object {
          "flex": 1,
        },
      ],
    ]
  }
  viewabilityConfigCallbackPairs={Array []}
>
  <View />
</RCTScrollView>
`;
