// Jest Snapshot v1, https://goo.gl/fbAQLP

exports[`MessageInput should render correctly 1`] = `
<View
  style={
    Object {
      "backgroundColor": "white",
      "flexDirection": "row",
      "justifyContent": "center",
    }
  }
>
  <TextInput
    editable={true}
    enablesReturnKeyAutomatically={true}
    onChangeText={[Function]}
    onEndEditing={[Function]}
    placeholder="placeholder.message"
    style={
      Object {
        "alignSelf": "center",
        "borderColor": "gray",
        "borderRadius": 10,
        "borderWidth": 1,
        "marginRight": 8,
        "marginVertical": 8,
        "padding": 10,
        "width": "80%",
      }
    }
    value=""
  />
</View>
`;
